[18:34:53] [main/INFO]: Loading Minecraft 1.21.11 with Fabric Loader 0.17.3
[18:34:53] [main/INFO]: Loading 51 mods:
	- fabric-api 0.141.4+1.21.11
	   |-- fabric-api-base 1.0.5+4ebb5c083e
	   |-- fabric-api-lookup-api-v1 1.6.114+20dc27073e
	   |-- fabric-biome-api-v1 17.1.1+4fc5413f3e
	   |-- fabric-block-api-v1 1.1.10+4ebb5c083e
	   |-- fabric-block-view-api-v2 1.0.39+4ebb5c083e
	   |-- fabric-command-api-v2 2.4.7+6b42a6003e
	   |-- fabric-content-registries-v0 10.2.14+4fc5413f3e
	   |-- fabric-convention-tags-v1 2.1.55+7f945d5b3e
	   |-- fabric-convention-tags-v2 2.17.3+8ef948ba3e
	   |-- fabric-crash-report-info-v1 0.3.23+4ebb5c083e
	   |-- fabric-data-attachment-api-v1 1.8.48+eed0806f3e
	   |-- fabric-data-generation-api-v1 23.4.1+69974c4e3e
	   |-- fabric-dimensions-v1 4.0.28+4fc5413f3e
	   |-- fabric-entity-events-v1 3.1.1+1d0ab4303e
	   |-- fabric-events-interaction-v0 4.1.1+3b89ecf63e
	   |-- fabric-game-rule-api-v1 2.0.3+4fc5413f3e
	   |-- fabric-item-api-v1 11.5.20+d0c46b9e3e
	   |-- fabric-item-group-api-v1 4.2.36+4fc5413f3e
	   |-- fabric-key-binding-api-v1 1.1.7+4fc5413f3e
	   |-- fabric-lifecycle-events-v1 2.6.15+4ebb5c083e
	   |-- fabric-loot-api-v2 3.0.73+3f89f5a53e
	   |-- fabric-loot-api-v3 2.0.20+78c8b4663e
	   |-- fabric-message-api-v1 6.1.12+4ebb5c083e
	   |-- fabric-model-loading-api-v1 6.0.15+4fc5413f3e
	   |-- fabric-networking-api-v1 5.1.6+6b6d71a53e
	   |-- fabric-object-builder-api-v1 21.1.40+4fc5413f3e
	   |-- fabric-particles-v1 4.2.12+4fc5413f3e
	   |-- fabric-recipe-api-v1 8.2.4+4ebb5c083e
	   |-- fabric-registry-sync-v0 6.2.6+1718722b3e
	   |-- fabric-renderer-api-v1 8.0.3+f4ffd2e53e
	   |-- fabric-renderer-indigo 5.0.3+f4ffd2e53e
	   |-- fabric-rendering-fluids-v1 3.1.43+4ebb5c083e
	   |-- fabric-rendering-v1 16.2.10+0290ad933e
	   |-- fabric-resource-conditions-api-v1 5.0.35+4fc5413f3e
	   |-- fabric-resource-loader-v0 3.3.4+4fc5413f3e
	   |-- fabric-resource-loader-v1 1.0.10+78c8b4663e
	   |-- fabric-screen-api-v1 3.1.7+4ebb5c083e
	   |-- fabric-screen-handler-api-v1 1.3.162+4fc5413f3e
	   |-- fabric-serialization-api-v1 1.0.5+4ebb5c083e
	   |-- fabric-sound-api-v1 1.0.51+4fc5413f3e
	   |-- fabric-tag-api-v1 1.2.20+4fc5413f3e
	   |-- fabric-transfer-api-v1 6.0.25+4fc5413f3e
	   \-- fabric-transitive-access-wideners-v1 7.1.0+014c8cec3e
	- fabricloader 0.17.3
	   \-- mixinextras 0.5.0
	- java 21
	- minecraft 1.21.11
	- optifabric 1.15.1
	   |-- mm 2.3
	   \-- optifabric-libs 1.15.1
[18:34:53] [main/WARN]: Found 1 non-fabric mod:
	- OptiFine_1.21.11_HD_U_J9.jar
[18:34:53] [main/INFO]: SpongePowered MIXIN Subsystem Version=0.8.7 Source=file:/C:/Users/matma/AppData/Roaming/.minecraft/libraries/net/fabricmc/sponge-mixin/0.16.5+mixin.0.8.7/sponge-mixin-0.16.5+mixin.0.8.7.jar Service=Knot/Fabric Env=CLIENT
[18:34:53] [main/INFO]: Compatibility level set to JAVA_21
[18:35:04] [main/INFO]: Initializing MixinExtras via com.llamalad7.mixinextras.service.MixinExtrasServiceImpl(version=0.5.0).
[18:35:05] [Datafixer Bootstrap/INFO]: 287 Datafixer optimizations took 520 milliseconds
[18:35:06] [main/WARN]: Failed to get system info for Render Extensions
java.lang.IllegalStateException: Can't getDevice() before it was initialized
	at knot//com.mojang.blaze3d.systems.RenderSystem.getDevice(RenderSystem.java:400)
	at knot//net.minecraft.class_310.method_68671(class_310.java:2527)
	at knot//net.minecraft.class_6396.method_37123(class_6396.java:78)
	at knot//net.minecraft.class_310.method_37274(class_310.java:2527)
	at knot//net.minecraft.class_310.method_22681(class_310.java:2497)
	at knot//net.minecraft.client.main.Main.main(Main.java:207)
	at net.fabricmc.loader.impl.game.minecraft.MinecraftGameProvider.launch(MinecraftGameProvider.java:506)
	at net.fabricmc.loader.impl.launch.knot.Knot.launch(Knot.java:72)
	at net.fabricmc.loader.impl.launch.knot.KnotClient.main(KnotClient.java:23)
[18:35:06] [main/ERROR]: Minecraft has crashed!
net.fabricmc.loader.impl.FormattedException: java.lang.NoClassDefFoundError: Could not initialize class net.optifine.reflect.Reflector
	at net.fabricmc.loader.impl.FormattedException.ofLocalized(FormattedException.java:63)
	at net.fabricmc.loader.impl.game.minecraft.MinecraftGameProvider.launch(MinecraftGameProvider.java:508)
	at net.fabricmc.loader.impl.launch.knot.Knot.launch(Knot.java:72)
	at net.fabricmc.loader.impl.launch.knot.KnotClient.main(KnotClient.java:23)
Caused by: java.lang.NoClassDefFoundError: Could not initialize class net.optifine.reflect.Reflector
	at knot//net.minecraft.client.ClientBrandRetriever.getClientModName(ClientBrandRetriever.java:14)
	at knot//net.minecraft.class_6683.method_39031(class_6683.java:28)
	at knot//net.minecraft.class_310.method_24289(class_310.java:887)
	at knot//net.minecraft.class_310.method_37287(class_310.java:2539)
	at knot//net.minecraft.class_6396.method_37123(class_6396.java:78)
	at knot//net.minecraft.class_310.method_37274(class_310.java:2539)
	at knot//net.minecraft.class_310.method_22681(class_310.java:2497)
	at knot//net.minecraft.client.main.Main.main(Main.java:207)
	at net.fabricmc.loader.impl.game.minecraft.MinecraftGameProvider.launch(MinecraftGameProvider.java:506)
	... 2 more
Caused by: java.lang.ExceptionInInitializerError: Exception java.lang.RuntimeException: Mixin transformation of net.minecraft.class_776 failed [in thread "main"]
	at net.fabricmc.loader.impl.launch.knot.KnotClassDelegate.getPostMixinClassByteArray(KnotClassDelegate.java:440)
	at net.fabricmc.loader.impl.launch.knot.KnotClassDelegate.tryLoadClass(KnotClassDelegate.java:336)
	at net.fabricmc.loader.impl.launch.knot.KnotClassDelegate.loadClass(KnotClassDelegate.java:231)
	at net.fabricmc.loader.impl.launch.knot.KnotClassLoader.loadClass(KnotClassLoader.java:119)
	at java.base/java.lang.ClassLoader.loadClass(ClassLoader.java:526)
	at java.base/java.lang.Class.getDeclaredFields0(Native Method)
	at java.base/java.lang.Class.privateGetDeclaredFields(Class.java:3473)
	at java.base/java.lang.Class.getDeclaredFields(Class.java:2542)
	at knot//net.optifine.reflect.FieldLocatorTypes.<init>(FieldLocatorTypes.java:25)
	at knot//net.optifine.reflect.Reflector.<clinit>(Reflector.java:436)
	at knot//net.minecraft.class_128.method_557(class_128.java:138)
	at knot//net.minecraft.class_128.method_60921(class_128.java:182)
	at knot//net.minecraft.class_128.method_60920(class_128.java:197)
	at knot//net.minecraft.class_128.method_24305(class_128.java:330)
	at knot//net.minecraft.client.main.Main.main(Main.java:130)
	... 3 more
