optifabric-setup-class-loaded
optifabric-setup-run
optifabric-before-runtime
optifabric-heartbeat-start
runtime-start
runtime-found-jar
runtime-hashed-jar
runtime-version-dir
runtime-minecraft-jar
runtime-temp-workdir
runtime-before-main-branch
runtime-installer-branch
runtime-installer-attempt-1
optifabric-heartbeat-1
optifabric-heartbeat-2
runtime-before-devolderfiy
optifabric-heartbeat-3
runtime-after-devolderfiy
runtime-before-remap
remap-helper-launch
remap-helper-main-start
remap-helper-before-lambda-load
remap-helper-after-lambda-load
remap-helper-before-mappings
remap-helper-after-mappings
remap-helper-before-remap
remap-before-preload
remap-after-preload
remap-after-build
remap-before-nonclass
remap-after-nonclass
remap-before-read-inputs
remap-after-read-inputs
remap-before-read-classpath
remap-after-read-classpath
remap-before-apply
optifabric-heartbeat-4
optifabric-heartbeat-5
optifabric-heartbeat-6
optifabric-heartbeat-7
optifabric-heartbeat-8
remap-after-apply
remap-before-finish
remap-after-finish
remap-helper-main-finished
remap-helper-exit-0
runtime-after-remap
runtime-before-jar-transformers
runtime-after-jar-transformers
runtime-before-class-cache
optifabric-heartbeat-9
runtime-after-class-cache
optifabric-after-runtime
optifabric-before-classpath-add
optifabric-after-classpath-add
optifabric-before-injector-setup
injector-setup-start
injector-register-com/mojang/blaze3d/vertex/VertexFormatElement$Type
injector-register-net/minecraft/class_7764$class_5791
injector-register-net/minecraft/class_156$class_158$2
injector-register-net/minecraft/class_7764$class_5790
injector-register-net/minecraft/class_156$class_158$1
injector-register-net/minecraft/class_7172$class_12139
injector-register-net/minecraft/class_11683
injector-register-com/mojang/blaze3d/systems/RenderPass$class_10884
injector-register-net/minecraft/class_11682
injector-register-net/minecraft/class_11688
injector-register-com/mojang/blaze3d/systems/RenderPass$class_10885
injector-register-net/minecraft/class_11685
injector-register-net/minecraft/class_1923$1
injector-register-net/minecraft/class_1923$2
injector-register-net/minecraft/class_11689
injector-register-net/minecraft/class_7172$class_7273
injector-register-net/minecraft/class_778$class_4303$1
injector-register-net/minecraft/class_7172$class_7277
injector-register-net/minecraft/class_5944$1
injector-register-net/minecraft/class_7172$class_7276
injector-register-net/minecraft/class_7172$class_7275
injector-register-net/minecraft/class_778$class_4303$2
injector-register-net/minecraft/class_1092$1
injector-register-net/minecraft/class_1667
injector-register-net/minecraft/class_386$class_388$1
injector-register-net/minecraft/class_11793
injector-register-net/minecraft/class_1308
injector-register-net/minecraft/class_1087$class_10892
injector-register-net/minecraft/class_852$1
injector-register-net/minecraft/class_1087$class_10891
injector-register-net/minecraft/class_11462
injector-register-net/minecraft/class_3898$class_3208
injector-register-net/minecraft/class_10860$1
injector-register-net/minecraft/class_11223
injector-register-net/minecraft/class_1088$class_10524
injector-register-net/minecraft/class_1055$class_4726
injector-register-net/minecraft/class_10017
injector-register-net/minecraft/class_11223$1
injector-register-net/minecraft/class_11228
injector-register-net/minecraft/class_7172$class_7175
injector-register-net/minecraft/class_7172$class_7174
injector-register-net/minecraft/class_7172$class_7173
injector-register-net/minecraft/class_7172$class_7178
injector-register-net/minecraft/class_7172$class_7177
injector-register-net/minecraft/class_7172$class_7176
injector-register-net/minecraft/class_1767
injector-register-net/minecraft/class_11690
injector-register-net/minecraft/class_329$class_6411
injector-register-net/minecraft/class_3259$class_8619
injector-register-net/minecraft/class_757$1
injector-register-net/minecraft/class_3898$class_3216
injector-register-net/minecraft/class_289
injector-register-net/minecraft/class_11517
injector-register-net/minecraft/class_1092$class_7779
injector-register-net/minecraft/class_287
injector-register-net/minecraft/class_309$1
injector-register-net/minecraft/class_11977$class_12051
injector-register-net/minecraft/class_2826
injector-register-net/minecraft/class_9801$class_4574
injector-register-net/minecraft/class_10430
injector-register-net/minecraft/class_8679$class_6600
injector-register-net/minecraft/class_2945
injector-register-net/minecraft/class_10799
injector-register-net/minecraft/class_10419
injector-register-net/minecraft/class_7172
injector-register-net/minecraft/class_2960
injector-register-net/minecraft/class_2841
injector-register-net/minecraft/class_9801$1
injector-register-net/minecraft/class_3928
injector-register-net/minecraft/class_315$class_9242
injector-register-net/minecraft/class_290
injector-register-net/minecraft/class_11633
injector-register-net/minecraft/class_11631
injector-register-net/minecraft/class_11516
injector-register-net/minecraft/class_11515
injector-register-net/minecraft/class_7766$class_7767
injector-register-net/minecraft/class_353$class_12292
injector-register-net/minecraft/class_10143$class_10146
injector-register-net/minecraft/class_10143$class_10145
injector-register-net/minecraft/class_10143$class_10144
injector-register-net/minecraft/class_8679$class_5972
injector-register-net/minecraft/class_9801$class_9802
injector-register-net/minecraft/class_10874$class_10930
injector-register-net/minecraft/class_11661
injector-register-net/minecraft/class_10455
injector-register-net/minecraft/class_10865$class_10154
injector-register-net/minecraft/class_11788
injector-register-net/minecraft/class_9335
injector-register-net/minecraft/class_10197$class_10199
injector-register-net/minecraft/class_10874$class_10929
injector-register-net/minecraft/class_10197$class_10198
injector-register-net/minecraft/client/ClientBrandRetriever
injector-register-net/minecraft/class_638$1
injector-register-net/minecraft/class_11516$2
injector-register-net/minecraft/class_11516$1
injector-register-net/minecraft/class_1972
injector-register-net/minecraft/class_1844
injector-register-net/minecraft/class_759$1
injector-register-net/minecraft/class_10444
injector-register-net/minecraft/class_11532
injector-register-net/minecraft/class_10143$class_10148
injector-register-net/minecraft/class_10143$class_10147
injector-register-net/minecraft/class_10868
injector-register-net/minecraft/class_2350
injector-register-net/minecraft/class_10869
injector-register-net/minecraft/class_801$class_803
injector-register-net/minecraft/class_801
injector-register-net/minecraft/class_922
injector-register-net/minecraft/class_10509
injector-register-net/minecraft/class_2945$class_7834
injector-register-net/minecraft/class_1008$class_6359
injector-register-net/minecraft/class_638$class_5612
injector-register-net/minecraft/class_327$class_6415
injector-register-net/minecraft/class_3204
injector-register-net/minecraft/class_3684
injector-register-net/minecraft/class_243$1
injector-register-net/minecraft/class_2826$class_6869
injector-register-net/minecraft/class_759$class_5773
injector-register-net/minecraft/class_3879$class_9948
injector-register-net/minecraft/class_11682$class_12047
injector-register-net/minecraft/class_10151$1
injector-register-net/minecraft/class_10874
injector-register-net/minecraft/class_915
injector-register-net/minecraft/class_156$10
injector-register-net/minecraft/class_11689$class_12050
injector-register-net/minecraft/class_10017$class_10018
injector-register-net/minecraft/class_156$11
injector-register-net/minecraft/class_918
injector-register-net/minecraft/class_778$class_4303
injector-register-net/minecraft/class_10513
injector-register-net/minecraft/class_10151$class_10170
injector-register-net/minecraft/class_7764$class_12298
injector-register-net/minecraft/class_10859
injector-register-net/minecraft/class_340$1
injector-register-net/minecraft/class_408$1
injector-register-net/minecraft/class_9919$class_10601
injector-register-net/minecraft/class_928$1
injector-register-net/minecraft/class_932
injector-register-net/minecraft/class_3620$class_6594
injector-register-net/minecraft/class_8901
injector-register-net/minecraft/class_10455$class_10456
injector-register-com/mojang/blaze3d/textures/GpuTexture
injector-register-com/mojang/blaze3d/vertex/VertexFormatElement
injector-register-net/minecraft/class_4184$class_6355
injector-register-net/minecraft/class_10860
injector-register-net/minecraft/class_10861
injector-register-net/minecraft/class_11954
injector-register-net/minecraft/class_10865
injector-register-net/minecraft/class_928
injector-register-net/minecraft/class_10529
injector-register-net/minecraft/class_703
injector-register-net/minecraft/class_824
injector-register-net/minecraft/class_702
injector-register-net/minecraft/class_329$class_11221
injector-register-net/minecraft/class_3304
injector-register-net/minecraft/class_329$class_11220
injector-register-net/minecraft/class_2841$class_4464
injector-register-net/minecraft/class_1004
injector-register-net/minecraft/class_1002
injector-register-com/mojang/blaze3d/systems/RenderSystem$class_5590$class_5591
injector-register-net/minecraft/class_11980
injector-register-net/minecraft/class_10444$class_10445
injector-register-net/minecraft/class_9799$class_9800
injector-register-net/minecraft/class_10444$class_10446
injector-register-net/minecraft/class_10896
injector-register-net/minecraft/class_10893
injector-register-net/minecraft/class_9082
injector-register-net/minecraft/class_10652
injector-register-net/minecraft/class_10537
injector-register-net/minecraft/class_11624
injector-register-net/minecraft/class_3258$class_8616
injector-register-net/minecraft/class_3258$class_8615
injector-register-net/minecraft/class_10518
injector-register-net/minecraft/class_156$1
injector-register-net/minecraft/class_1087$class_9979
injector-register-net/minecraft/class_156$2
injector-register-net/minecraft/class_156$3
injector-register-net/minecraft/class_156$4
injector-register-net/minecraft/class_10151$class_10152
injector-register-net/minecraft/class_834
injector-register-net/minecraft/class_2586
injector-register-net/minecraft/class_156$9
injector-register-net/minecraft/class_10151$class_10155
injector-register-net/minecraft/class_1011
injector-register-net/minecraft/class_1132
injector-register-net/minecraft/class_10151$class_10153
injector-register-net/minecraft/class_156$5
injector-register-net/minecraft/class_353$class_12143
injector-register-net/minecraft/class_156$6
injector-register-net/minecraft/class_5610
injector-register-net/minecraft/class_353$class_12142
injector-register-net/minecraft/class_156$7
injector-register-net/minecraft/class_1255
injector-register-net/minecraft/class_156$8
injector-register-net/minecraft/class_5609
injector-register-net/minecraft/class_1008
injector-register-net/minecraft/class_1006
injector-register-net/minecraft/class_10419$class_10420$class_10421
injector-register-net/minecraft/class_10521
injector-register-net/minecraft/class_11610
injector-register-net/minecraft/class_827
injector-register-net/minecraft/class_10404
injector-register-net/minecraft/class_10889
injector-register-net/minecraft/class_11977
injector-register-net/minecraft/class_377$1
injector-register-com/mojang/blaze3d/systems/RenderSystem$1
injector-register-net/minecraft/class_338$class_9477
injector-register-net/minecraft/class_377$2
injector-register-net/minecraft/class_5944
injector-register-net/minecraft/class_3887
injector-register-net/minecraft/class_4730
injector-register-com/mojang/blaze3d/buffers/GpuBuffer
injector-register-net/minecraft/class_4604
injector-register-net/minecraft/class_4725
injector-register-net/minecraft/class_11683$class_11792
injector-register-net/minecraft/class_834$class_9984
injector-register-net/minecraft/class_4603
injector-register-net/minecraft/class_837$class_9985
injector-register-net/minecraft/class_3879
injector-register-net/minecraft/class_1088$class_7778
injector-register-net/minecraft/class_332$class_12228
injector-register-net/minecraft/class_332$class_12229
injector-register-net/minecraft/class_2680
injector-register-net/minecraft/class_10817
injector-register-net/minecraft/class_3532
injector-register-net/minecraft/class_3533
injector-register-net/minecraft/class_3898
injector-register-net/minecraft/class_4737
injector-register-net/minecraft/class_1088$class_12357
injector-register-net/minecraft/class_5676$class_5680$1
injector-register-net/minecraft/class_11228$class_11324
injector-register-net/minecraft/class_5676$class_5680$2
injector-register-net/minecraft/class_1060$class_10540
injector-register-net/minecraft/class_3620
injector-register-net/minecraft/class_10893$class_10894
injector-register-net/minecraft/class_10430$class_10431
injector-register-com/mojang/blaze3d/vertex/VertexFormat
injector-register-net/minecraft/class_12207$class_12208
injector-register-net/minecraft/class_12207$class_12209
injector-register-net/minecraft/class_315$class_5823
injector-register-net/minecraft/class_4587$class_4665
injector-register-net/minecraft/class_4720
injector-register-net/minecraft/class_8563$1
injector-register-net/minecraft/class_4723
injector-register-net/minecraft/class_10017$class_11680
injector-register-com/mojang/blaze3d/opengl/GlStateManager
injector-register-net/minecraft/class_11282$class_11283
injector-register-net/minecraft/class_3508
injector-register-net/minecraft/class_3509
injector-register-net/minecraft/class_902
injector-register-net/minecraft/class_765
injector-register-net/minecraft/class_386$class_388
injector-register-net/minecraft/class_7172$class_7275$1
injector-register-net/minecraft/class_386$class_387
injector-register-net/minecraft/class_327$class_11602
injector-register-net/minecraft/class_769
injector-register-net/minecraft/class_11661$class_11669
injector-register-net/minecraft/class_630$class_593
injector-register-net/minecraft/class_8614
injector-register-net/minecraft/class_761
injector-register-net/minecraft/class_882
injector-register-net/minecraft/class_11661$class_11666
injector-register-net/minecraft/class_1087$class_10891$1
injector-register-net/minecraft/class_7766
injector-register-com/mojang/blaze3d/systems/RenderPass
injector-register-net/minecraft/class_11661$class_11789
injector-register-net/minecraft/class_11661$class_11668
injector-register-net/minecraft/class_7764
injector-register-net/minecraft/class_11661$class_11672
injector-register-net/minecraft/class_11661$class_11673
injector-register-net/minecraft/class_11661$class_11674
injector-register-net/minecraft/class_11661$class_11790
injector-register-net/minecraft/class_11661$class_11670
injector-register-net/minecraft/class_638
injector-register-net/minecraft/class_759
injector-register-net/minecraft/class_11228$class_11230
injector-register-net/minecraft/class_776
injector-register-net/minecraft/class_897
injector-register-net/minecraft/class_3204$class_3948
injector-register-net/minecraft/class_775
injector-register-net/minecraft/class_338$class_11732
injector-register-net/minecraft/class_12247$class_12338
injector-register-net/minecraft/class_895
injector-register-net/minecraft/class_338$class_11733
injector-register-net/minecraft/class_4720$class_6189
injector-register-net/minecraft/class_12247$class_12337
injector-register-net/minecraft/class_778
injector-register-net/minecraft/class_777
injector-register-net/minecraft/class_898
injector-register-net/minecraft/class_8679$class_762
injector-register-net/minecraft/class_8989
injector-register-net/minecraft/class_10509$class_10510
injector-register-net/minecraft/class_8988
injector-register-net/minecraft/class_9955
injector-register-net/minecraft/class_5599
injector-register-net/minecraft/class_7654
injector-register-net/minecraft/class_7775
injector-register-net/minecraft/class_7172$class_7177$1
injector-register-net/minecraft/class_11661$class_11662
injector-register-net/minecraft/class_761$class_10948
injector-register-net/minecraft/class_11661$class_11663
injector-register-net/minecraft/class_11661$class_11664
injector-register-com/mojang/blaze3d/buffers/GpuBufferSlice
injector-register-net/minecraft/class_10817$class_10818
injector-register-net/minecraft/class_408
injector-register-com/mojang/blaze3d/buffers/GpuBuffer$class_12113
injector-register-net/minecraft/class_9810$class_9811
injector-register-net/minecraft/class_12247$class_12248
injector-register-net/minecraft/class_10513$class_10514
injector-register-net/minecraft/class_7172$class_7305$class_7274
injector-register-net/minecraft/class_846$class_4690
injector-register-net/minecraft/class_425
injector-register-net/minecraft/class_3268
injector-register-net/minecraft/class_1088
injector-register-net/minecraft/class_1087
injector-register-net/minecraft/class_10518$class_10519
injector-register-net/minecraft/class_9801
injector-register-net/minecraft/class_4597
injector-register-com/mojang/blaze3d/opengl/GlStateManager$class_1025
injector-register-net/minecraft/class_332$class_8214
injector-register-com/mojang/blaze3d/opengl/GlStateManager$class_1022
injector-register-com/mojang/blaze3d/opengl/GlStateManager$class_1021
injector-register-net/minecraft/class_9919
injector-register-com/mojang/blaze3d/opengl/GlStateManager$class_1026
injector-register-net/minecraft/class_435
injector-register-net/minecraft/class_10869$class_10871
injector-register-net/minecraft/class_1092
injector-register-com/mojang/blaze3d/textures/GpuTexture$class_12115
injector-register-net/minecraft/class_313
injector-register-net/minecraft/class_10869$class_10870
injector-register-net/minecraft/class_1011$class_1014
injector-register-net/minecraft/class_5573
injector-register-net/minecraft/class_796
injector-register-net/minecraft/class_758$class_4596
injector-register-net/minecraft/class_5572
injector-register-net/minecraft/class_10869$class_10872
injector-register-net/minecraft/class_1011$class_1012
injector-register-net/minecraft/class_11462$class_11463
injector-register-net/minecraft/class_318
injector-register-net/minecraft/class_315
injector-register-net/minecraft/class_9931
injector-register-net/minecraft/class_9810
injector-register-net/minecraft/class_11282$class_12294
injector-register-net/minecraft/class_11228$class_11229
injector-register-net/minecraft/class_309
injector-register-com/mojang/blaze3d/opengl/GlStateManager$class_1018
injector-register-com/mojang/blaze3d/opengl/GlStateManager$class_1017
injector-register-net/minecraft/class_11633$class_11634
injector-register-net/minecraft/class_840
injector-register-net/minecraft/class_846
injector-register-net/minecraft/class_1060
injector-register-net/minecraft/class_836$1
injector-register-net/minecraft/class_11661$class_11744
injector-register-net/minecraft/class_329$class_9016
injector-register-net/minecraft/class_837
injector-register-net/minecraft/class_836
injector-register-net/minecraft/class_957
injector-register-net/minecraft/class_761$1
injector-register-net/minecraft/class_10889$class_10890
injector-register-net/minecraft/class_853
injector-register-net/minecraft/class_974
injector-register-net/minecraft/class_10521$class_10523
injector-register-net/minecraft/class_852
injector-register-net/minecraft/class_10521$class_10522
injector-register-net/minecraft/class_972
injector-register-net/minecraft/class_1092$class_10816
injector-register-net/minecraft/class_854
injector-register-net/minecraft/class_631$class_3681
injector-register-net/minecraft/class_1078
injector-register-net/minecraft/class_3258
injector-register-net/minecraft/class_4588
injector-register-net/minecraft/class_3259
injector-register-net/minecraft/class_4587
injector-register-net/minecraft/class_5676
injector-register-net/minecraft/class_10861$class_10862
injector-register-net/minecraft/class_10861$class_10864
injector-register-com/mojang/blaze3d/opengl/GlStateManager$class_5518
injector-register-com/mojang/blaze3d/opengl/GlStateManager$class_1031
injector-register-net/minecraft/class_10861$class_10863
injector-register-net/minecraft/class_425$class_4070
injector-register-com/mojang/blaze3d/opengl/GlStateManager$class_1039
injector-register-net/minecraft/class_796$1
injector-register-net/minecraft/class_327$class_5232
injector-register-net/minecraft/class_922$1
injector-register-net/minecraft/class_2841$class_6561
injector-register-net/minecraft/class_7172$class_7304
injector-register-net/minecraft/class_12202$class_12203
injector-register-net/minecraft/class_8679$class_8681
injector-register-net/minecraft/class_7172$class_7303
injector-register-net/minecraft/class_742
injector-register-net/minecraft/class_8679$class_8680
injector-register-net/minecraft/class_862
injector-register-net/minecraft/class_983
injector-register-net/minecraft/class_1041
injector-register-net/minecraft/class_989
injector-register-net/minecraft/class_7172$class_7306
injector-register-net/minecraft/class_7172$class_7305
injector-register-net/minecraft/class_1044
injector-register-net/minecraft/class_1043
injector-register-net/minecraft/class_6850
injector-register-net/minecraft/class_1047
injector-register-net/minecraft/class_12074
injector-register-net/minecraft/class_6849
injector-register-net/minecraft/class_3928$class_9678
injector-register-net/minecraft/class_979
injector-register-com/mojang/blaze3d/buffers/GpuBuffer$MappedView
injector-register-net/minecraft/class_7775$class_12356
injector-register-net/minecraft/class_846$class_851
injector-register-net/minecraft/class_631
injector-register-net/minecraft/class_994
injector-register-net/minecraft/class_630
injector-register-net/minecraft/class_758
injector-register-net/minecraft/class_757
injector-register-net/minecraft/class_997
injector-register-net/minecraft/class_778$class_779
injector-register-net/minecraft/class_1055
injector-register-net/minecraft/class_11980$class_11981
injector-register-net/minecraft/class_1054
injector-register-net/minecraft/class_1308$1
injector-register-net/minecraft/class_7955
injector-register-net/minecraft/class_1308$2
injector-register-net/minecraft/class_8921
injector-register-net/minecraft/class_338$class_11511
injector-register-net/minecraft/class_991
injector-register-net/minecraft/class_1059
injector-register-net/minecraft/class_1058
injector-register-net/minecraft/class_630$class_6229
injector-register-net/minecraft/class_7947
injector-register-net/minecraft/class_327$class_11464$1
injector-register-net/minecraft/class_778$class_782
injector-register-net/minecraft/class_1041$class_4716
injector-register-net/minecraft/class_778$class_781
injector-register-net/minecraft/class_353$class_354
injector-register-net/minecraft/class_778$class_780
injector-register-net/minecraft/class_801$class_12295
injector-register-net/minecraft/class_5676$class_12347
injector-register-net/minecraft/class_128
injector-register-net/minecraft/class_5676$class_12346
injector-register-net/minecraft/class_337$1
injector-register-net/minecraft/class_243
injector-register-net/minecraft/class_11280
injector-register-net/minecraft/class_11683$class_12048
injector-register-net/minecraft/class_11282
injector-register-net/minecraft/class_12134
injector-register-net/minecraft/class_11285
injector-register-net/minecraft/class_5676$class_5680
injector-register-net/minecraft/class_11286
injector-register-net/minecraft/class_10197
injector-register-net/minecraft/class_2945$class_2946
injector-register-net/minecraft/class_630$class_628
injector-register-net/minecraft/class_408$class_11738
injector-register-net/minecraft/class_408$class_11739
injector-register-net/minecraft/class_703$class_9213
injector-register-net/minecraft/class_377
injector-register-net/minecraft/class_156$class_158
injector-register-net/minecraft/class_2586$class_11348
injector-register-net/minecraft/class_9799
injector-register-net/minecraft/class_315$5
injector-register-net/minecraft/class_1088$class_10812
injector-register-net/minecraft/class_315$4
injector-register-net/minecraft/class_11391
injector-register-net/minecraft/class_315$3
injector-register-net/minecraft/class_11398
injector-register-net/minecraft/class_315$2
injector-register-net/minecraft/class_11246$class_11325
injector-register-net/minecraft/class_315$1
injector-register-net/minecraft/class_12249
injector-register-net/minecraft/class_12247
injector-register-net/minecraft/class_11279
injector-register-net/minecraft/class_775$1
injector-register-net/minecraft/class_12134$1
injector-register-net/minecraft/class_4077
injector-register-net/minecraft/class_6490
injector-register-net/minecraft/class_338$1
injector-register-net/minecraft/class_327$class_11465
injector-register-net/minecraft/class_386
injector-register-net/minecraft/class_8679
injector-register-net/minecraft/class_327$class_11464
injector-register-net/minecraft/class_1055$class_1056
injector-register-com/mojang/blaze3d/systems/RenderSystem$class_5590
injector-register-net/minecraft/class_1055$class_1057
injector-register-net/minecraft/class_846$class_851$class_4579
injector-register-net/minecraft/class_846$class_851$class_4578
injector-register-net/minecraft/class_7775$class_10897
injector-register-net/minecraft/class_846$class_851$class_4577
injector-register-net/minecraft/class_8563
injector-register-net/minecraft/class_338$class_11732$1
injector-register-net/minecraft/class_338$class_11732$2
injector-register-net/minecraft/class_156
injector-register-net/minecraft/class_276
injector-register-com/mojang/blaze3d/systems/RenderSystem$class_10827
injector-register-net/minecraft/class_1921
injector-register-net/minecraft/class_1923
injector-register-net/minecraft/class_11793$class_12049
injector-register-net/minecraft/class_446
injector-register-net/minecraft/class_338$class_7731
injector-register-net/minecraft/class_9955$class_9956
injector-register-net/minecraft/class_9955$class_9957
injector-register-net/minecraft/class_329
injector-register-net/minecraft/class_327
injector-register-net/minecraft/class_338$class_12232
injector-register-net/minecraft/class_338$class_12233
injector-register-net/minecraft/class_442
injector-register-com/mojang/blaze3d/vertex/VertexFormatElement$Usage
injector-register-net/minecraft/class_4597$class_4598
injector-register-net/minecraft/class_338$class_12234
injector-register-net/minecraft/class_440
injector-register-net/minecraft/class_9986
injector-register-net/minecraft/class_338$class_12235
injector-register-net/minecraft/class_11228$1
injector-register-net/minecraft/class_10151
injector-register-net/minecraft/class_10869$1
injector-register-net/minecraft/class_11246
injector-register-net/minecraft/class_4184
injector-register-net/minecraft/class_778$class_10931
injector-register-com/mojang/blaze3d/vertex/VertexFormat$class_5595
injector-register-net/minecraft/class_9990
injector-register-com/mojang/blaze3d/vertex/VertexFormat$class_5596
injector-register-net/minecraft/class_338
injector-register-net/minecraft/class_10859$class_11269
injector-register-net/minecraft/class_337
injector-register-net/minecraft/class_332
injector-register-net/minecraft/class_2350$class_2351
injector-register-net/minecraft/class_2350$class_2353
injector-register-net/minecraft/class_2350$class_2352
injector-register-net/minecraft/class_10143
injector-register-net/minecraft/class_9976$class_9977
injector-register-net/minecraft/class_2350$class_2351$2
injector-register-net/minecraft/class_12247$class_4750
injector-register-net/minecraft/class_2350$class_2351$1
injector-register-net/minecraft/class_12202
injector-register-net/minecraft/class_12207
injector-register-net/minecraft/class_377$class_11640
injector-register-net/minecraft/class_2350$class_2351$3
injector-register-net/minecraft/class_7947$1
injector-register-net/minecraft/class_638$class_5271
injector-register-net/minecraft/class_8755
injector-register-net/minecraft/class_5365
injector-register-net/minecraft/class_338$class_12333
injector-register-net/minecraft/class_1088$class_10812$1
injector-register-net/minecraft/class_340
injector-register-net/minecraft/class_3508$class_6685
injector-register-net/minecraft/class_3533$class_4746
injector-register-net/minecraft/class_2586$1
injector-register-net/minecraft/class_761$class_12351
injector-register-net/minecraft/class_3204$class_3205
injector-register-net/minecraft/class_10419$class_10424
injector-register-net/minecraft/class_10419$class_10425
injector-register-net/minecraft/class_10419$class_10422
injector-register-net/minecraft/class_9978
injector-register-net/minecraft/class_10419$class_10423
injector-register-net/minecraft/class_5676$class_5678
injector-register-net/minecraft/class_10419$class_10420
injector-register-net/minecraft/class_2945$class_9222
injector-register-net/minecraft/class_11246$class_11276
injector-register-net/minecraft/class_353
injector-register-net/minecraft/class_9976
injector-register-com/mojang/blaze3d/vertex/VertexFormat$Builder
injector-register-net/minecraft/class_9975
injector-register-net/minecraft/class_5676$class_5677
injector-register-net/minecraft/class_778$1
injector-register-net/minecraft/class_1055$class_7769
injector-register-net/minecraft/class_4720$class_4589
injector-register-com/mojang/blaze3d/systems/RenderSystem
injector-register-net/minecraft/class_11280$class_11281
injector-register-net/minecraft/class_377$class_11766
injector-register-net/minecraft/class_377$class_11641
injector-register-net/minecraft/class_630$class_618
injector-setup-end
optifabric-after-injector-setup
prelaunch
patch-start-net/minecraft/class_3532
patch-source-loaded-net/minecraft/class_3532
patch-end-net/minecraft/class_3532
optifabric-heartbeat-10
patch-start-net/minecraft/class_156
patch-source-loaded-net/minecraft/class_156
patch-end-net/minecraft/class_156
patch-start-net/minecraft/class_156$11
patch-source-loaded-net/minecraft/class_156$11
patch-end-net/minecraft/class_156$11
patch-start-net/minecraft/class_156$4
patch-source-loaded-net/minecraft/class_156$4
patch-end-net/minecraft/class_156$4
patch-start-net/minecraft/class_156$1
patch-source-loaded-net/minecraft/class_156$1
patch-end-net/minecraft/class_156$1
patch-start-net/minecraft/class_128
patch-source-loaded-net/minecraft/class_128
patch-end-net/minecraft/class_128
patch-start-net/minecraft/class_156$2
patch-source-loaded-net/minecraft/class_156$2
patch-end-net/minecraft/class_156$2
patch-start-net/minecraft/class_2960
patch-source-loaded-net/minecraft/class_2960
patch-end-net/minecraft/class_2960
patch-start-net/minecraft/class_1308
patch-source-loaded-net/minecraft/class_1308
patch-end-net/minecraft/class_1308
patch-start-net/minecraft/class_327
patch-source-loaded-net/minecraft/class_327
patch-end-net/minecraft/class_327
patch-start-net/minecraft/class_442
patch-source-loaded-net/minecraft/class_442
patch-end-net/minecraft/class_442
patch-start-net/minecraft/class_1011
patch-source-loaded-net/minecraft/class_1011
patch-end-net/minecraft/class_1011
patch-start-net/minecraft/class_703
patch-source-loaded-net/minecraft/class_703
patch-end-net/minecraft/class_703
patch-start-net/minecraft/class_897
patch-source-loaded-net/minecraft/class_897
patch-end-net/minecraft/class_897
patch-start-net/minecraft/class_3879
patch-source-loaded-net/minecraft/class_3879
patch-end-net/minecraft/class_3879
patch-start-net/minecraft/class_2586
patch-skip-veto-net/minecraft/class_2586
patch-start-net/minecraft/class_827
patch-source-loaded-net/minecraft/class_827
patch-end-net/minecraft/class_827
patch-start-net/minecraft/class_2680
patch-source-loaded-net/minecraft/class_2680
patch-end-net/minecraft/class_2680
patch-start-net/minecraft/class_922
patch-source-loaded-net/minecraft/class_922
patch-end-net/minecraft/class_922
patch-start-net/minecraft/class_3887
patch-source-loaded-net/minecraft/class_3887
patch-end-net/minecraft/class_3887
patch-start-net/minecraft/class_895
patch-source-loaded-net/minecraft/class_895
patch-end-net/minecraft/class_895
patch-start-net/minecraft/class_9335
patch-source-loaded-net/minecraft/class_9335
patch-end-net/minecraft/class_9335
patch-start-net/minecraft/class_1255
patch-source-loaded-net/minecraft/class_1255
patch-end-net/minecraft/class_1255
patch-start-net/minecraft/class_425
patch-source-loaded-net/minecraft/class_425
patch-end-net/minecraft/class_425
patch-start-net/minecraft/class_742
patch-source-loaded-net/minecraft/class_742
patch-end-net/minecraft/class_742
patch-start-net/minecraft/class_3928
patch-source-loaded-net/minecraft/class_3928
patch-end-net/minecraft/class_3928
patch-start-net/minecraft/class_435
patch-source-loaded-net/minecraft/class_435
patch-end-net/minecraft/class_435
patch-start-net/minecraft/class_408
patch-source-loaded-net/minecraft/class_408
patch-end-net/minecraft/class_408
patch-start-net/minecraft/class_276
patch-source-loaded-net/minecraft/class_276
patch-end-net/minecraft/class_276
patch-start-net/minecraft/class_1060
patch-source-loaded-net/minecraft/class_1060
patch-end-net/minecraft/class_1060
patch-start-net/minecraft/class_10151
patch-source-loaded-net/minecraft/class_10151
patch-end-net/minecraft/class_10151
patch-start-net/minecraft/class_1041
patch-source-loaded-net/minecraft/class_1041
patch-end-net/minecraft/class_1041
patch-start-net/minecraft/class_761
patch-source-loaded-net/minecraft/class_761
patch-fixer-start-net/minecraft/class_761-WorldRendererFix
patch-fixer-end-net/minecraft/class_761-WorldRendererFix
watch-after-fix-net/minecraft/class_761 methods=139 all=<init>(Lnet/minecraft/class_310;Lnet/minecraft/class_898;Lnet/minecraft/class_824;Lnet/minecraft/class_4599;Lnet/minecraft/class_11658;Lnet/minecraft/class_11684;)V,close()V,method_14491(Lnet/minecraft/class_3300;)V,method_3296()V,method_62907()Lnet/minecraft/class_279;,method_3254()V,method_3270()Z,method_3244(Lnet/minecraft/class_638;)V,method_64059()V,method_3279()V,method_3242(II)V,method_3289()Ljava/lang/String;,method_34810()Lnet/minecraft/class_846;,method_34811()D,method_34812()D,method_3246()I,method_76296()V,method_3272()Ljava/lang/String;,method_74752(Lnet/minecraft/class_4184;Lnet/minecraft/class_4604;Z)V,method_52816(Lnet/minecraft/class_4604;)Lnet/minecraft/class_4604;,method_38551(Lnet/minecraft/class_4604;)V,applyFrustum(Lnet/minecraft/class_4604;ZI)V,method_38550(Lnet/minecraft/class_846$class_851;)V,method_32133(Lorg/joml/Matrix4f;Lorg/joml/Matrix4f;Lnet/minecraft/class_243;)Lnet/minecraft/class_4604;,method_22710(Lnet/minecraft/class_9922;Lnet/minecraft/class_9779;ZLnet/minecraft/class_4184;Lorg/joml/Matrix4f;Lorg/joml/Matrix4f;Lorg/joml/Matrix4f;Lcom/mojang/blaze3d/buffers/GpuBufferSlice;Lorg/joml/Vector4f;Z)V,method_62202(Lnet/minecraft/class_9909;Lnet/minecraft/class_4604;Lorg/joml/Matrix4f;Lcom/mojang/blaze3d/buffers/GpuBufferSlice;ZLnet/minecraft/class_11658;Lnet/minecraft/class_9779;Lnet/minecraft/class_3695;)V,method_62201(Lnet/minecraft/class_9909;Lcom/mojang/blaze3d/buffers/GpuBufferSlice;)V,method_62204(Lnet/minecraft/class_9909;Lnet/minecraft/class_4063;Lnet/minecraft/class_243;JFIF)V,addCloudsPass(Lnet/minecraft/class_9909;Lnet/minecraft/class_4063;Lnet/minecraft/class_243;JFIFLcom/mojang/blaze3d/buffers/GpuBufferSlice;)V,method_62203(Lnet/minecraft/class_9909;Lcom/mojang/blaze3d/buffers/GpuBufferSlice;)V,method_62199(Lnet/minecraft/class_9909;Lnet/minecraft/class_12075;Lcom/mojang/blaze3d/buffers/GpuBufferSlice;Lorg/joml/Matrix4f;)V,method_72917(Lnet/minecraft/class_4184;Lnet/minecraft/class_4604;Lnet/minecraft/class_9779;Lnet/minecraft/class_11658;)V,method_72916(Lnet/minecraft/class_4587;Lnet/minecraft/class_11658;Lnet/minecraft/class_11659;)V,method_74314(Lnet/minecraft/class_4184;FLnet/minecraft/class_11658;)V,extractVisibleBlockEntities(Lnet/minecraft/class_4184;FLnet/minecraft/class_11658;Lnet/minecraft/class_4604;)V,method_62208(Lnet/minecraft/class_4587;Lnet/minecraft/class_11658;Lnet/minecraft/class_11661;)V,method_74922(Lnet/minecraft/class_4184;Lnet/minecraft/class_11658;)V,method_62206(Lnet/minecraft/class_4587;Lnet/minecraft/class_4597$class_4598;Lnet/minecraft/class_11658;)V,method_74923(Lnet/minecraft/class_4184;Lnet/minecraft/class_11658;)V,extractBlockOutline(Lnet/minecraft/class_4184;Lnet/minecraft/class_11658;Z)V,method_62210(Lnet/minecraft/class_4597$class_4598;Lnet/minecraft/class_4587;ZLnet/minecraft/class_11658;)V,method_22979(Lnet/minecraft/class_4587;)V,method_72914(Lnet/minecraft/class_1297;F)Lnet/minecraft/class_10017;,method_62198(Lnet/minecraft/class_243;)V,method_64060(Lnet/minecraft/class_846$class_851;Lnet/minecraft/class_10196;Lnet/minecraft/class_243;ZZ)V,method_72157(Lorg/joml/Matrix4fc;DDD)Lnet/minecraft/class_11532;,method_71118()V,method_35775()V,method_35776()V,method_3252(Lnet/minecraft/class_4184;)V,method_74921()V,method_22987(Lnet/minecraft/class_3191;)V,method_62200(Lnet/minecraft/class_9909;Lnet/minecraft/class_4184;Lcom/mojang/blaze3d/buffers/GpuBufferSlice;)V,method_43788(Lnet/minecraft/class_4184;)Z,method_3269(Lnet/minecraft/class_4184;)V,method_22712(Lnet/minecraft/class_4587;Lnet/minecraft/class_4588;DDDLnet/minecraft/class_12074;IF)V,method_8570(Lnet/minecraft/class_1922;Lnet/minecraft/class_2338;Lnet/minecraft/class_2680;Lnet/minecraft/class_2680;I)V,method_16037(Lnet/minecraft/class_2338;Z)V,method_18146(IIIIII)V,method_21596(Lnet/minecraft/class_2338;Lnet/minecraft/class_2680;Lnet/minecraft/class_2680;)V,method_18145(III)V,method_62219(IIIIII)V,method_8571(III)V,method_3295(IIIZ)V,method_62908(J)V,method_8569(ILnet/minecraft/class_2338;I)V,method_3281()Z,method_65201(Lnet/minecraft/class_1923;)V,method_3292()V,getCountRenderers()I,getCountEntitiesRendered()I,getCountTileEntitiesRendered()I,getCountLoadedChunks()I,getCountChunksToUpdate()I,getRenderChunk(Lnet/minecraft/class_2338;)Lnet/minecraft/class_846$class_851;,getRenderChunk(J)Lnet/minecraft/class_846$class_851;,getWorld()Lnet/minecraft/class_638;,clearRenderInfos()V,clearRenderInfosTerrain()V,clearRenderInfosEntities()V,onPlayerPositionSet()V,pauseChunkUpdates()V,resumeChunkUpdates()V,getFrameCount()I,getRenderTypeTextures()Lnet/minecraft/class_4599;,getRenderChunksEntities()Lit/unimi/dsi/fastutil/longs/LongOpenHashSet;,addEntitySection(Lit/unimi/dsi/fastutil/longs/LongOpenHashSet;Lnet/minecraft/class_5573;Lnet/minecraft/class_2338;)V,hasEntitySection(Lnet/minecraft/class_5573;Lnet/minecraft/class_2338;)Z,getRenderInfos()Ljava/util/List;,getRenderInfosTerrain()Ljava/util/List;,getRenderInfosTileEntities()Ljava/util/List;,checkLoadVisibleChunks(Lnet/minecraft/class_4184;Lnet/minecraft/class_4604;Z)V,loadAllVisibleChunks(Lnet/minecraft/class_4184;Lnet/minecraft/class_4604;Z)V,applyFrustumEntities(Lnet/minecraft/class_4604;I)V,setShadowRenderInfos(Z)V,getRenderedChunksShadow()I,getCountEntitiesRenderedShadow()I,getCountTileEntitiesRenderedShadow()I,captureFrustumShadow()V,isDebugFrustum()Z,onChunkRenderNeedsUpdate(Lnet/minecraft/class_846$class_851;)V,needsFrustumUpdate()Z,shouldRenderEntity(Lnet/minecraft/class_1297;II)Z,getLevelRenderState()Lnet/minecraft/class_11658;,getFeatureRenderDispatcher()Lnet/minecraft/class_11684;,getSubmitNodeStorage()Lnet/minecraft/class_11661;,getChunkLayerSampler()Lnet/minecraft/class_12137;,getTicks()I,getWeatherEffects()Lnet/minecraft/class_9976;,setWeatherEffects(Lnet/minecraft/class_9976;)V,method_23794(Lnet/minecraft/class_1920;Lnet/minecraft/class_2338;)I,method_23793(Lnet/minecraft/class_761$class_10948;Lnet/minecraft/class_1920;Lnet/minecraft/class_2680;Lnet/minecraft/class_2338;)I,getPackedLightmapCoords(Lnet/minecraft/class_761$class_10948;Lnet/minecraft/class_1920;Lnet/minecraft/class_2680;Lnet/minecraft/class_2338;Z)I,method_40050(Lnet/minecraft/class_2338;)Z,method_22990()Lnet/minecraft/class_276;,method_29360()Lnet/minecraft/class_276;,method_29361()Lnet/minecraft/class_276;,method_29362()Lnet/minecraft/class_276;,method_29363()Lnet/minecraft/class_276;,method_29364()Lnet/minecraft/class_276;,method_62220()Lit/unimi/dsi/fastutil/objects/ObjectArrayList;,method_62221()Lnet/minecraft/class_8679;,method_62222()Lnet/minecraft/class_4604;,method_62196()Lnet/minecraft/class_9955;,method_75414()Lnet/minecraft/class_12180$class_12181;,method_76647()V,method_22988(J)Ljava/util/SortedSet;,method_62215(Lcom/mojang/blaze3d/buffers/GpuBufferSlice;Lnet/minecraft/class_12076;Lnet/minecraft/class_9975;)V,method_72156(I[Lcom/mojang/blaze3d/buffers/GpuBufferSlice;Lcom/mojang/blaze3d/systems/RenderPass$class_10885;)V,method_75413(Lcom/mojang/blaze3d/buffers/GpuBufferSlice;Lnet/minecraft/class_9925;Lnet/minecraft/class_12075;Lorg/joml/Matrix4f;)V,method_62216(Lcom/mojang/blaze3d/buffers/GpuBufferSlice;IF)V,lambda$addCloudsPass$3(ILnet/minecraft/class_4063;FLnet/minecraft/class_243;JFLcom/mojang/blaze3d/buffers/GpuBufferSlice;)V,method_62213(Lcom/mojang/blaze3d/buffers/GpuBufferSlice;Lnet/minecraft/class_9925;Lnet/minecraft/class_9925;)V,method_62214(Lcom/mojang/blaze3d/buffers/GpuBufferSlice;Lnet/minecraft/class_11658;Lnet/minecraft/class_3695;Lorg/joml/Matrix4f;Lnet/minecraft/class_9925;Lnet/minecraft/class_9925;ZLnet/minecraft/class_9925;Lnet/minecraft/class_9925;Lnet/minecraft/class_9779;)V,method_62218(Lorg/joml/Vector4f;ZLorg/joml/Matrix4f;Lorg/joml/Matrix4f;Lnet/minecraft/class_4184;F)V,<clinit>()V,method_62205(ILnet/minecraft/class_4063;FLnet/minecraft/class_243;JF)V,method_62214(Lcom/mojang/blaze3d/buffers/GpuBufferSlice;Lnet/minecraft/class_11658;Lnet/minecraft/class_3695;Lorg/joml/Matrix4f;Lnet/minecraft/class_9925;Lnet/minecraft/class_9925;ZLnet/minecraft/class_9925;Lnet/minecraft/class_9925;)V,method_62218(Lorg/joml/Vector4f;)V method_62214(Lcom/mojang/blaze3d/buffers/GpuBufferSlice;Lnet/minecraft/class_11658;Lnet/minecraft/class_3695;Lorg/joml/Matrix4f;Lnet/minecraft/class_9925;Lnet/minecraft/class_9925;ZLnet/minecraft/class_9925;Lnet/minecraft/class_9925;)V=true
patch-end-net/minecraft/class_761
watch-final-net/minecraft/class_761 methods=139 all=<init>(Lnet/minecraft/class_310;Lnet/minecraft/class_898;Lnet/minecraft/class_824;Lnet/minecraft/class_4599;Lnet/minecraft/class_11658;Lnet/minecraft/class_11684;)V,close()V,method_14491(Lnet/minecraft/class_3300;)V,method_3296()V,method_62907()Lnet/minecraft/class_279;,method_3254()V,method_3270()Z,method_3244(Lnet/minecraft/class_638;)V,method_64059()V,method_3279()V,method_3242(II)V,method_3289()Ljava/lang/String;,method_34810()Lnet/minecraft/class_846;,method_34811()D,method_34812()D,method_3246()I,method_76296()V,method_3272()Ljava/lang/String;,method_74752(Lnet/minecraft/class_4184;Lnet/minecraft/class_4604;Z)V,method_52816(Lnet/minecraft/class_4604;)Lnet/minecraft/class_4604;,method_38551(Lnet/minecraft/class_4604;)V,applyFrustum(Lnet/minecraft/class_4604;ZI)V,method_38550(Lnet/minecraft/class_846$class_851;)V,method_32133(Lorg/joml/Matrix4f;Lorg/joml/Matrix4f;Lnet/minecraft/class_243;)Lnet/minecraft/class_4604;,method_22710(Lnet/minecraft/class_9922;Lnet/minecraft/class_9779;ZLnet/minecraft/class_4184;Lorg/joml/Matrix4f;Lorg/joml/Matrix4f;Lorg/joml/Matrix4f;Lcom/mojang/blaze3d/buffers/GpuBufferSlice;Lorg/joml/Vector4f;Z)V,method_62202(Lnet/minecraft/class_9909;Lnet/minecraft/class_4604;Lorg/joml/Matrix4f;Lcom/mojang/blaze3d/buffers/GpuBufferSlice;ZLnet/minecraft/class_11658;Lnet/minecraft/class_9779;Lnet/minecraft/class_3695;)V,method_62201(Lnet/minecraft/class_9909;Lcom/mojang/blaze3d/buffers/GpuBufferSlice;)V,method_62204(Lnet/minecraft/class_9909;Lnet/minecraft/class_4063;Lnet/minecraft/class_243;JFIF)V,addCloudsPass(Lnet/minecraft/class_9909;Lnet/minecraft/class_4063;Lnet/minecraft/class_243;JFIFLcom/mojang/blaze3d/buffers/GpuBufferSlice;)V,method_62203(Lnet/minecraft/class_9909;Lcom/mojang/blaze3d/buffers/GpuBufferSlice;)V,method_62199(Lnet/minecraft/class_9909;Lnet/minecraft/class_12075;Lcom/mojang/blaze3d/buffers/GpuBufferSlice;Lorg/joml/Matrix4f;)V,method_72917(Lnet/minecraft/class_4184;Lnet/minecraft/class_4604;Lnet/minecraft/class_9779;Lnet/minecraft/class_11658;)V,method_72916(Lnet/minecraft/class_4587;Lnet/minecraft/class_11658;Lnet/minecraft/class_11659;)V,method_74314(Lnet/minecraft/class_4184;FLnet/minecraft/class_11658;)V,extractVisibleBlockEntities(Lnet/minecraft/class_4184;FLnet/minecraft/class_11658;Lnet/minecraft/class_4604;)V,method_62208(Lnet/minecraft/class_4587;Lnet/minecraft/class_11658;Lnet/minecraft/class_11661;)V,method_74922(Lnet/minecraft/class_4184;Lnet/minecraft/class_11658;)V,method_62206(Lnet/minecraft/class_4587;Lnet/minecraft/class_4597$class_4598;Lnet/minecraft/class_11658;)V,method_74923(Lnet/minecraft/class_4184;Lnet/minecraft/class_11658;)V,extractBlockOutline(Lnet/minecraft/class_4184;Lnet/minecraft/class_11658;Z)V,method_62210(Lnet/minecraft/class_4597$class_4598;Lnet/minecraft/class_4587;ZLnet/minecraft/class_11658;)V,method_22979(Lnet/minecraft/class_4587;)V,method_72914(Lnet/minecraft/class_1297;F)Lnet/minecraft/class_10017;,method_62198(Lnet/minecraft/class_243;)V,method_64060(Lnet/minecraft/class_846$class_851;Lnet/minecraft/class_10196;Lnet/minecraft/class_243;ZZ)V,method_72157(Lorg/joml/Matrix4fc;DDD)Lnet/minecraft/class_11532;,method_71118()V,method_35775()V,method_35776()V,method_3252(Lnet/minecraft/class_4184;)V,method_74921()V,method_22987(Lnet/minecraft/class_3191;)V,method_62200(Lnet/minecraft/class_9909;Lnet/minecraft/class_4184;Lcom/mojang/blaze3d/buffers/GpuBufferSlice;)V,method_43788(Lnet/minecraft/class_4184;)Z,method_3269(Lnet/minecraft/class_4184;)V,method_22712(Lnet/minecraft/class_4587;Lnet/minecraft/class_4588;DDDLnet/minecraft/class_12074;IF)V,method_8570(Lnet/minecraft/class_1922;Lnet/minecraft/class_2338;Lnet/minecraft/class_2680;Lnet/minecraft/class_2680;I)V,method_16037(Lnet/minecraft/class_2338;Z)V,method_18146(IIIIII)V,method_21596(Lnet/minecraft/class_2338;Lnet/minecraft/class_2680;Lnet/minecraft/class_2680;)V,method_18145(III)V,method_62219(IIIIII)V,method_8571(III)V,method_3295(IIIZ)V,method_62908(J)V,method_8569(ILnet/minecraft/class_2338;I)V,method_3281()Z,method_65201(Lnet/minecraft/class_1923;)V,method_3292()V,getCountRenderers()I,getCountEntitiesRendered()I,getCountTileEntitiesRendered()I,getCountLoadedChunks()I,getCountChunksToUpdate()I,getRenderChunk(Lnet/minecraft/class_2338;)Lnet/minecraft/class_846$class_851;,getRenderChunk(J)Lnet/minecraft/class_846$class_851;,getWorld()Lnet/minecraft/class_638;,clearRenderInfos()V,clearRenderInfosTerrain()V,clearRenderInfosEntities()V,onPlayerPositionSet()V,pauseChunkUpdates()V,resumeChunkUpdates()V,getFrameCount()I,getRenderTypeTextures()Lnet/minecraft/class_4599;,getRenderChunksEntities()Lit/unimi/dsi/fastutil/longs/LongOpenHashSet;,addEntitySection(Lit/unimi/dsi/fastutil/longs/LongOpenHashSet;Lnet/minecraft/class_5573;Lnet/minecraft/class_2338;)V,hasEntitySection(Lnet/minecraft/class_5573;Lnet/minecraft/class_2338;)Z,getRenderInfos()Ljava/util/List;,getRenderInfosTerrain()Ljava/util/List;,getRenderInfosTileEntities()Ljava/util/List;,checkLoadVisibleChunks(Lnet/minecraft/class_4184;Lnet/minecraft/class_4604;Z)V,loadAllVisibleChunks(Lnet/minecraft/class_4184;Lnet/minecraft/class_4604;Z)V,applyFrustumEntities(Lnet/minecraft/class_4604;I)V,setShadowRenderInfos(Z)V,getRenderedChunksShadow()I,getCountEntitiesRenderedShadow()I,getCountTileEntitiesRenderedShadow()I,captureFrustumShadow()V,isDebugFrustum()Z,onChunkRenderNeedsUpdate(Lnet/minecraft/class_846$class_851;)V,needsFrustumUpdate()Z,shouldRenderEntity(Lnet/minecraft/class_1297;II)Z,getLevelRenderState()Lnet/minecraft/class_11658;,getFeatureRenderDispatcher()Lnet/minecraft/class_11684;,getSubmitNodeStorage()Lnet/minecraft/class_11661;,getChunkLayerSampler()Lnet/minecraft/class_12137;,getTicks()I,getWeatherEffects()Lnet/minecraft/class_9976;,setWeatherEffects(Lnet/minecraft/class_9976;)V,method_23794(Lnet/minecraft/class_1920;Lnet/minecraft/class_2338;)I,method_23793(Lnet/minecraft/class_761$class_10948;Lnet/minecraft/class_1920;Lnet/minecraft/class_2680;Lnet/minecraft/class_2338;)I,getPackedLightmapCoords(Lnet/minecraft/class_761$class_10948;Lnet/minecraft/class_1920;Lnet/minecraft/class_2680;Lnet/minecraft/class_2338;Z)I,method_40050(Lnet/minecraft/class_2338;)Z,method_22990()Lnet/minecraft/class_276;,method_29360()Lnet/minecraft/class_276;,method_29361()Lnet/minecraft/class_276;,method_29362()Lnet/minecraft/class_276;,method_29363()Lnet/minecraft/class_276;,method_29364()Lnet/minecraft/class_276;,method_62220()Lit/unimi/dsi/fastutil/objects/ObjectArrayList;,method_62221()Lnet/minecraft/class_8679;,method_62222()Lnet/minecraft/class_4604;,method_62196()Lnet/minecraft/class_9955;,method_75414()Lnet/minecraft/class_12180$class_12181;,method_76647()V,method_22988(J)Ljava/util/SortedSet;,method_62215(Lcom/mojang/blaze3d/buffers/GpuBufferSlice;Lnet/minecraft/class_12076;Lnet/minecraft/class_9975;)V,method_72156(I[Lcom/mojang/blaze3d/buffers/GpuBufferSlice;Lcom/mojang/blaze3d/systems/RenderPass$class_10885;)V,method_75413(Lcom/mojang/blaze3d/buffers/GpuBufferSlice;Lnet/minecraft/class_9925;Lnet/minecraft/class_12075;Lorg/joml/Matrix4f;)V,method_62216(Lcom/mojang/blaze3d/buffers/GpuBufferSlice;IF)V,lambda$addCloudsPass$3(ILnet/minecraft/class_4063;FLnet/minecraft/class_243;JFLcom/mojang/blaze3d/buffers/GpuBufferSlice;)V,method_62213(Lcom/mojang/blaze3d/buffers/GpuBufferSlice;Lnet/minecraft/class_9925;Lnet/minecraft/class_9925;)V,method_62214(Lcom/mojang/blaze3d/buffers/GpuBufferSlice;Lnet/minecraft/class_11658;Lnet/minecraft/class_3695;Lorg/joml/Matrix4f;Lnet/minecraft/class_9925;Lnet/minecraft/class_9925;ZLnet/minecraft/class_9925;Lnet/minecraft/class_9925;Lnet/minecraft/class_9779;)V,method_62218(Lorg/joml/Vector4f;ZLorg/joml/Matrix4f;Lorg/joml/Matrix4f;Lnet/minecraft/class_4184;F)V,<clinit>()V,method_62205(ILnet/minecraft/class_4063;FLnet/minecraft/class_243;JF)V,method_62214(Lcom/mojang/blaze3d/buffers/GpuBufferSlice;Lnet/minecraft/class_11658;Lnet/minecraft/class_3695;Lorg/joml/Matrix4f;Lnet/minecraft/class_9925;Lnet/minecraft/class_9925;ZLnet/minecraft/class_9925;Lnet/minecraft/class_9925;)V,method_62218(Lorg/joml/Vector4f;)V method_62214(Lcom/mojang/blaze3d/buffers/GpuBufferSlice;Lnet/minecraft/class_11658;Lnet/minecraft/class_3695;Lorg/joml/Matrix4f;Lnet/minecraft/class_9925;Lnet/minecraft/class_9925;ZLnet/minecraft/class_9925;Lnet/minecraft/class_9925;)V=true
patch-start-net/minecraft/class_898
patch-source-loaded-net/minecraft/class_898
patch-end-net/minecraft/class_898
patch-start-net/minecraft/class_918
patch-source-loaded-net/minecraft/class_918
patch-end-net/minecraft/class_918
patch-start-net/minecraft/class_702
patch-source-loaded-net/minecraft/class_702
patch-fixer-start-net/minecraft/class_702-ParticleManagerFix
patch-fixer-end-net/minecraft/class_702-ParticleManagerFix
patch-end-net/minecraft/class_702
patch-start-net/minecraft/class_757
patch-source-loaded-net/minecraft/class_757
patch-end-net/minecraft/class_757
patch-start-net/minecraft/class_329
patch-source-loaded-net/minecraft/class_329
patch-end-net/minecraft/class_329
patch-start-net/minecraft/class_315
patch-source-loaded-net/minecraft/class_315
patch-end-net/minecraft/class_315
patch-start-net/minecraft/class_11633
patch-source-loaded-net/minecraft/class_11633
patch-end-net/minecraft/class_11633
patch-start-net/minecraft/class_309
patch-source-loaded-net/minecraft/class_309
watch-after-fix-net/minecraft/class_309 methods=30 all=<init>(Lnet/minecraft/class_310;)V,method_35696(Lnet/minecraft/class_11908;)Z,method_75914(Ljava/lang/String;Z)V,method_70818(Lnet/minecraft/class_2561;)V,method_37273(Lnet/minecraft/class_124;Lnet/minecraft/class_2561;)Lnet/minecraft/class_2561;,method_1456(Lnet/minecraft/class_2561;)V,method_37272(Lnet/minecraft/class_2561;)V,method_1459(Ljava/lang/String;[Ljava/lang/Object;)V,method_75915(Ljava/lang/String;)V,method_1468(Lnet/minecraft/class_11908;)Z,method_1465(ZZ)V,method_1475(Lnet/minecraft/class_2680;Lnet/minecraft/class_2338;Lnet/minecraft/class_2487;)V,method_1469(Lnet/minecraft/class_2960;Lnet/minecraft/class_243;Lnet/minecraft/class_2487;)V,method_1466(JILnet/minecraft/class_11908;)V,method_1457(JLnet/minecraft/class_11905;)V,method_1472(Lnet/minecraft/class_1041;)V,method_1460()Ljava/lang/String;,method_1455(Ljava/lang/String;)V,method_1474()V,method_1461(IJ)V,method_22675(JII)V,method_22677(JLnet/minecraft/class_11905;)V,method_22676(JIIII)V,method_22678(JILnet/minecraft/class_11908;)V,method_1463(Lnet/minecraft/class_2561;)V,method_1464(Lnet/minecraft/class_2561;)V,method_1471(Lnet/minecraft/class_2960;Lnet/minecraft/class_1297;Lnet/minecraft/class_2487;)V,method_1467(Lnet/minecraft/class_2680;Lnet/minecraft/class_2338;Lnet/minecraft/class_2487;)V,method_49711(Ljava/nio/file/Path;Lnet/minecraft/class_2583;)Lnet/minecraft/class_2583;,<clinit>()V method_1466(JILnet/minecraft/class_11908;)V=true method_1457(JLnet/minecraft/class_11905;)V=true
patch-end-net/minecraft/class_309
watch-final-net/minecraft/class_309 methods=30 all=<init>(Lnet/minecraft/class_310;)V,method_35696(Lnet/minecraft/class_11908;)Z,method_75914(Ljava/lang/String;Z)V,method_70818(Lnet/minecraft/class_2561;)V,method_37273(Lnet/minecraft/class_124;Lnet/minecraft/class_2561;)Lnet/minecraft/class_2561;,method_1456(Lnet/minecraft/class_2561;)V,method_37272(Lnet/minecraft/class_2561;)V,method_1459(Ljava/lang/String;[Ljava/lang/Object;)V,method_75915(Ljava/lang/String;)V,method_1468(Lnet/minecraft/class_11908;)Z,method_1465(ZZ)V,method_1475(Lnet/minecraft/class_2680;Lnet/minecraft/class_2338;Lnet/minecraft/class_2487;)V,method_1469(Lnet/minecraft/class_2960;Lnet/minecraft/class_243;Lnet/minecraft/class_2487;)V,method_1466(JILnet/minecraft/class_11908;)V,method_1457(JLnet/minecraft/class_11905;)V,method_1472(Lnet/minecraft/class_1041;)V,method_1460()Ljava/lang/String;,method_1455(Ljava/lang/String;)V,method_1474()V,method_1461(IJ)V,method_22675(JII)V,method_22677(JLnet/minecraft/class_11905;)V,method_22676(JIIII)V,method_22678(JILnet/minecraft/class_11908;)V,method_1463(Lnet/minecraft/class_2561;)V,method_1464(Lnet/minecraft/class_2561;)V,method_1471(Lnet/minecraft/class_2960;Lnet/minecraft/class_1297;Lnet/minecraft/class_2487;)V,method_1467(Lnet/minecraft/class_2680;Lnet/minecraft/class_2338;Lnet/minecraft/class_2487;)V,method_49711(Ljava/nio/file/Path;Lnet/minecraft/class_2583;)Lnet/minecraft/class_2583;,<clinit>()V method_1466(JILnet/minecraft/class_11908;)V=true method_1457(JLnet/minecraft/class_11905;)V=true
patch-start-net/minecraft/class_3304
patch-source-loaded-net/minecraft/class_3304
patch-end-net/minecraft/class_3304
patch-start-net/minecraft/class_3268
patch-source-loaded-net/minecraft/class_3268
patch-end-net/minecraft/class_3268
patch-start-net/minecraft/class_1092
patch-source-loaded-net/minecraft/class_1092
patch-fixer-start-net/minecraft/class_1092-BakedModelManagerFix
patch-fixer-end-net/minecraft/class_1092-BakedModelManagerFix
watch-after-fix-net/minecraft/class_1092 methods=54 all=<init>(Lnet/minecraft/class_324;Lnet/minecraft/class_11697;Lnet/minecraft/class_11786;)V,method_68046()Lnet/minecraft/class_1087;,method_65746(Lnet/minecraft/class_2960;)Lnet/minecraft/class_10439;,method_65934(Lnet/minecraft/class_2960;)Lnet/minecraft/class_10434$class_10543;,method_4743()Lnet/minecraft/class_773;,method_25931(Lnet/minecraft/class_3302$class_11558;Ljava/util/concurrent/Executor;Lnet/minecraft/class_3302$class_4045;Ljava/util/concurrent/Executor;)Ljava/util/concurrent/CompletableFuture;,method_45881(Lnet/minecraft/class_3300;Ljava/util/concurrent/Executor;)Ljava/util/concurrent/CompletableFuture;,method_62657(Ljava/util/Map;Lnet/minecraft/class_9824$class_10095;Lnet/minecraft/class_10521$class_10522;)Lnet/minecraft/class_1092$class_10816;,method_45883(Lnet/minecraft/class_7766$class_7767;Lnet/minecraft/class_7766$class_7767;Lnet/minecraft/class_1088;Lit/unimi/dsi/fastutil/objects/Object2IntMap;Lnet/minecraft/class_5599;Lnet/minecraft/class_10418;Ljava/util/concurrent/Executor;)Ljava/util/concurrent/CompletableFuture;,method_65751(Ljava/util/Map;Lnet/minecraft/class_1087;)Ljava/util/Map;,method_62654(Lnet/minecraft/class_324;Lnet/minecraft/class_9824$class_10095;)Lit/unimi/dsi/fastutil/objects/Object2IntMap;,method_18179(Lnet/minecraft/class_1092$class_7779;)V,method_21611(Lnet/minecraft/class_2680;Lnet/minecraft/class_2680;)Z,getMissingItemModel()Lnet/minecraft/class_10439;,getMissingModels()Lnet/minecraft/class_1088$class_10812;,getAtlasManager()Lnet/minecraft/class_11697;,fixBlockModel(Lnet/minecraft/class_2960;Lnet/minecraft/class_793;)Lcom/mojang/datafixers/util/Pair;,resolveRelative(Lnet/minecraft/class_2960;Lnet/minecraft/class_2960;)Lnet/minecraft/class_2960;,fixMaterial(Lnet/minecraft/class_4730;)Lnet/minecraft/class_4730;,getItemModels()Ljava/util/Map;,getModelBakery()Lnet/minecraft/class_1088;,method_65756()Lnet/minecraft/class_10418;,method_65757()Ljava/util/function/Supplier;,method_65758()Lnet/minecraft/class_5599;,lambda$createBlockStateToModelDispatch$16(Ljava/util/Map;Lnet/minecraft/class_1087;Lnet/minecraft/class_2680;)V,lambda$loadModels$15(Lnet/minecraft/class_1088;Lcom/google/common/collect/Multimap;Lcom/google/common/collect/Multimap;Lit/unimi/dsi/fastutil/objects/Object2IntMap;Lnet/minecraft/class_5599;Lnet/minecraft/class_10418;Lnet/minecraft/class_1088$class_10524;)Lnet/minecraft/class_1092$class_7779;,lambda$loadModels$14(Ljava/lang/String;Ljava/util/Collection;)V,lambda$loadModels$13(Ljava/lang/String;)Ljava/lang/String;,lambda$loadModels$12(Ljava/lang/String;Ljava/util/Collection;)V,lambda$loadModels$11(Lnet/minecraft/class_4730;)Ljava/lang/String;,lambda$discoverModelDependencies$10(Lnet/minecraft/class_10097;Lnet/minecraft/class_10434;)V,lambda$loadBlockModels$9(Ljava/util/concurrent/Executor;Ljava/util/Map;)Ljava/util/concurrent/CompletionStage;,lambda$loadBlockModels$8(Ljava/util/List;)Ljava/util/Map;,lambda$loadBlockModels$7(Ljava/util/Map$Entry;)Lcom/mojang/datafixers/util/Pair;,lambda$loadBlockModels$6(Lnet/minecraft/class_3300;)Ljava/util/Map;,method_65753(Ljava/util/concurrent/CompletableFuture;Ljava/util/concurrent/CompletableFuture;Ljava/util/concurrent/CompletableFuture;Ljava/util/concurrent/CompletableFuture;Ljava/util/concurrent/CompletableFuture;Ljava/util/concurrent/CompletableFuture;Ljava/util/concurrent/CompletableFuture;Ljava/util/concurrent/CompletableFuture;Ljava/util/concurrent/CompletableFuture;Ljava/util/concurrent/Executor;Ljava/lang/Void;)Ljava/util/concurrent/CompletionStage;,lambda$reload$4(Lnet/minecraft/class_2960;)Ljava/lang/String;,method_62655(Lnet/minecraft/class_9824$class_10095;)Lit/unimi/dsi/fastutil/objects/Object2IntMap;,lambda$reload$2(Lnet/minecraft/class_1092$class_10816;Ljava/lang/Throwable;)V,method_65747(Ljava/util/concurrent/CompletableFuture;Ljava/util/concurrent/CompletableFuture;Ljava/util/concurrent/CompletableFuture;Ljava/lang/Void;)Lnet/minecraft/class_1092$class_10816;,method_73040(Lnet/minecraft/class_5599;)Lnet/minecraft/class_10418;,<clinit>()V,method_65752(Ljava/util/Map;Lnet/minecraft/class_1087;Lnet/minecraft/class_2680;)V,method_68047(Lcom/google/common/collect/Multimap;Lcom/google/common/collect/Multimap;Lit/unimi/dsi/fastutil/objects/Object2IntMap;Lnet/minecraft/class_5599;Lnet/minecraft/class_10418;Lnet/minecraft/class_1088$class_10524;)Lnet/minecraft/class_1092$class_7779;,method_65749(Ljava/lang/String;Ljava/util/Collection;)V,method_65748(Ljava/lang/String;)Ljava/lang/String;,method_65754(Ljava/lang/String;Ljava/util/Collection;)V,method_45886(Lnet/minecraft/class_4730;)Ljava/lang/String;,method_65933(Lnet/minecraft/class_10097;Lnet/minecraft/class_10434;)V,method_45899(Ljava/util/concurrent/Executor;Ljava/util/Map;)Ljava/util/concurrent/CompletionStage;,method_45897(Ljava/util/List;)Ljava/util/Map;,method_65750(Ljava/util/Map$Entry;)Lcom/mojang/datafixers/util/Pair;,method_62663(Lnet/minecraft/class_3300;)Ljava/util/Map;,method_65755(Lnet/minecraft/class_2960;)Ljava/lang/String; method_65750(Ljava/util/Map$Entry;)Lcom/mojang/datafixers/util/Pair;=true
patch-end-net/minecraft/class_1092
watch-final-net/minecraft/class_1092 methods=54 all=<init>(Lnet/minecraft/class_324;Lnet/minecraft/class_11697;Lnet/minecraft/class_11786;)V,method_68046()Lnet/minecraft/class_1087;,method_65746(Lnet/minecraft/class_2960;)Lnet/minecraft/class_10439;,method_65934(Lnet/minecraft/class_2960;)Lnet/minecraft/class_10434$class_10543;,method_4743()Lnet/minecraft/class_773;,method_25931(Lnet/minecraft/class_3302$class_11558;Ljava/util/concurrent/Executor;Lnet/minecraft/class_3302$class_4045;Ljava/util/concurrent/Executor;)Ljava/util/concurrent/CompletableFuture;,method_45881(Lnet/minecraft/class_3300;Ljava/util/concurrent/Executor;)Ljava/util/concurrent/CompletableFuture;,method_62657(Ljava/util/Map;Lnet/minecraft/class_9824$class_10095;Lnet/minecraft/class_10521$class_10522;)Lnet/minecraft/class_1092$class_10816;,method_45883(Lnet/minecraft/class_7766$class_7767;Lnet/minecraft/class_7766$class_7767;Lnet/minecraft/class_1088;Lit/unimi/dsi/fastutil/objects/Object2IntMap;Lnet/minecraft/class_5599;Lnet/minecraft/class_10418;Ljava/util/concurrent/Executor;)Ljava/util/concurrent/CompletableFuture;,method_65751(Ljava/util/Map;Lnet/minecraft/class_1087;)Ljava/util/Map;,method_62654(Lnet/minecraft/class_324;Lnet/minecraft/class_9824$class_10095;)Lit/unimi/dsi/fastutil/objects/Object2IntMap;,method_18179(Lnet/minecraft/class_1092$class_7779;)V,method_21611(Lnet/minecraft/class_2680;Lnet/minecraft/class_2680;)Z,getMissingItemModel()Lnet/minecraft/class_10439;,getMissingModels()Lnet/minecraft/class_1088$class_10812;,getAtlasManager()Lnet/minecraft/class_11697;,fixBlockModel(Lnet/minecraft/class_2960;Lnet/minecraft/class_793;)Lcom/mojang/datafixers/util/Pair;,resolveRelative(Lnet/minecraft/class_2960;Lnet/minecraft/class_2960;)Lnet/minecraft/class_2960;,fixMaterial(Lnet/minecraft/class_4730;)Lnet/minecraft/class_4730;,getItemModels()Ljava/util/Map;,getModelBakery()Lnet/minecraft/class_1088;,method_65756()Lnet/minecraft/class_10418;,method_65757()Ljava/util/function/Supplier;,method_65758()Lnet/minecraft/class_5599;,lambda$createBlockStateToModelDispatch$16(Ljava/util/Map;Lnet/minecraft/class_1087;Lnet/minecraft/class_2680;)V,lambda$loadModels$15(Lnet/minecraft/class_1088;Lcom/google/common/collect/Multimap;Lcom/google/common/collect/Multimap;Lit/unimi/dsi/fastutil/objects/Object2IntMap;Lnet/minecraft/class_5599;Lnet/minecraft/class_10418;Lnet/minecraft/class_1088$class_10524;)Lnet/minecraft/class_1092$class_7779;,lambda$loadModels$14(Ljava/lang/String;Ljava/util/Collection;)V,lambda$loadModels$13(Ljava/lang/String;)Ljava/lang/String;,lambda$loadModels$12(Ljava/lang/String;Ljava/util/Collection;)V,lambda$loadModels$11(Lnet/minecraft/class_4730;)Ljava/lang/String;,lambda$discoverModelDependencies$10(Lnet/minecraft/class_10097;Lnet/minecraft/class_10434;)V,lambda$loadBlockModels$9(Ljava/util/concurrent/Executor;Ljava/util/Map;)Ljava/util/concurrent/CompletionStage;,lambda$loadBlockModels$8(Ljava/util/List;)Ljava/util/Map;,lambda$loadBlockModels$7(Ljava/util/Map$Entry;)Lcom/mojang/datafixers/util/Pair;,lambda$loadBlockModels$6(Lnet/minecraft/class_3300;)Ljava/util/Map;,method_65753(Ljava/util/concurrent/CompletableFuture;Ljava/util/concurrent/CompletableFuture;Ljava/util/concurrent/CompletableFuture;Ljava/util/concurrent/CompletableFuture;Ljava/util/concurrent/CompletableFuture;Ljava/util/concurrent/CompletableFuture;Ljava/util/concurrent/CompletableFuture;Ljava/util/concurrent/CompletableFuture;Ljava/util/concurrent/CompletableFuture;Ljava/util/concurrent/Executor;Ljava/lang/Void;)Ljava/util/concurrent/CompletionStage;,lambda$reload$4(Lnet/minecraft/class_2960;)Ljava/lang/String;,method_62655(Lnet/minecraft/class_9824$class_10095;)Lit/unimi/dsi/fastutil/objects/Object2IntMap;,lambda$reload$2(Lnet/minecraft/class_1092$class_10816;Ljava/lang/Throwable;)V,method_65747(Ljava/util/concurrent/CompletableFuture;Ljava/util/concurrent/CompletableFuture;Ljava/util/concurrent/CompletableFuture;Ljava/lang/Void;)Lnet/minecraft/class_1092$class_10816;,method_73040(Lnet/minecraft/class_5599;)Lnet/minecraft/class_10418;,<clinit>()V,method_65752(Ljava/util/Map;Lnet/minecraft/class_1087;Lnet/minecraft/class_2680;)V,method_68047(Lcom/google/common/collect/Multimap;Lcom/google/common/collect/Multimap;Lit/unimi/dsi/fastutil/objects/Object2IntMap;Lnet/minecraft/class_5599;Lnet/minecraft/class_10418;Lnet/minecraft/class_1088$class_10524;)Lnet/minecraft/class_1092$class_7779;,method_65749(Ljava/lang/String;Ljava/util/Collection;)V,method_65748(Ljava/lang/String;)Ljava/lang/String;,method_65754(Ljava/lang/String;Ljava/util/Collection;)V,method_45886(Lnet/minecraft/class_4730;)Ljava/lang/String;,method_65933(Lnet/minecraft/class_10097;Lnet/minecraft/class_10434;)V,method_45899(Ljava/util/concurrent/Executor;Ljava/util/Map;)Ljava/util/concurrent/CompletionStage;,method_45897(Ljava/util/List;)Ljava/util/Map;,method_65750(Ljava/util/Map$Entry;)Lcom/mojang/datafixers/util/Pair;,method_62663(Lnet/minecraft/class_3300;)Ljava/util/Map;,method_65755(Lnet/minecraft/class_2960;)Ljava/lang/String; method_65750(Ljava/util/Map$Entry;)Lcom/mojang/datafixers/util/Pair;=true
patch-start-net/minecraft/class_776
patch-source-loaded-net/minecraft/class_776
patch-fixer-start-net/minecraft/class_776-BlockRenderManagerFix
patch-fixer-end-net/minecraft/class_776-BlockRenderManagerFix
watch-after-fix-net/minecraft/class_776 methods=11 all=<init>(Lnet/minecraft/class_773;Lnet/minecraft/class_11701;Lnet/minecraft/class_324;)V,method_3351()Lnet/minecraft/class_773;,method_23071(Lnet/minecraft/class_2680;Lnet/minecraft/class_2338;Lnet/minecraft/class_1920;Lnet/minecraft/class_4587;Lnet/minecraft/class_4588;)V,renderBreakingTexture(Lnet/minecraft/class_2680;Lnet/minecraft/class_2338;Lnet/minecraft/class_1920;Lnet/minecraft/class_4587;Lnet/minecraft/class_4588;Lnet/minecraftforge/client/model/data/ModelData;)V,method_3355(Lnet/minecraft/class_2680;Lnet/minecraft/class_2338;Lnet/minecraft/class_1920;Lnet/minecraft/class_4587;Lnet/minecraft/class_4588;ZLjava/util/List;)V,method_3352(Lnet/minecraft/class_2338;Lnet/minecraft/class_1920;Lnet/minecraft/class_4588;Lnet/minecraft/class_2680;Lnet/minecraft/class_3610;)V,method_3350()Lnet/minecraft/class_778;,method_3349(Lnet/minecraft/class_2680;)Lnet/minecraft/class_1087;,method_3353(Lnet/minecraft/class_2680;Lnet/minecraft/class_4587;Lnet/minecraft/class_4597;II)V,renderSingleBlock(Lnet/minecraft/class_2680;Lnet/minecraft/class_4587;Lnet/minecraft/class_4597;IILnet/minecraftforge/client/model/data/ModelData;Lnet/minecraft/class_1921;)V,method_14491(Lnet/minecraft/class_3300;)V method_3351()Lnet/minecraft/class_773;=true method_3349(Lnet/minecraft/class_2680;)Lnet/minecraft/class_1087;=true method_3353(Lnet/minecraft/class_2680;Lnet/minecraft/class_4587;Lnet/minecraft/class_4597;II)V=true method_23071(Lnet/minecraft/class_2680;Lnet/minecraft/class_2338;Lnet/minecraft/class_1920;Lnet/minecraft/class_4587;Lnet/minecraft/class_4588;)V=true method_3355(Lnet/minecraft/class_2680;Lnet/minecraft/class_2338;Lnet/minecraft/class_1920;Lnet/minecraft/class_4587;Lnet/minecraft/class_4588;ZLjava/util/List;)V=true method_3352(Lnet/minecraft/class_2338;Lnet/minecraft/class_1920;Lnet/minecraft/class_4588;Lnet/minecraft/class_2680;Lnet/minecraft/class_3610;)V=true method_3350()Lnet/minecraft/class_778;=true
patch-end-net/minecraft/class_776
watch-final-net/minecraft/class_776 methods=11 all=<init>(Lnet/minecraft/class_773;Lnet/minecraft/class_11701;Lnet/minecraft/class_324;)V,method_3351()Lnet/minecraft/class_773;,method_23071(Lnet/minecraft/class_2680;Lnet/minecraft/class_2338;Lnet/minecraft/class_1920;Lnet/minecraft/class_4587;Lnet/minecraft/class_4588;)V,renderBreakingTexture(Lnet/minecraft/class_2680;Lnet/minecraft/class_2338;Lnet/minecraft/class_1920;Lnet/minecraft/class_4587;Lnet/minecraft/class_4588;Lnet/minecraftforge/client/model/data/ModelData;)V,method_3355(Lnet/minecraft/class_2680;Lnet/minecraft/class_2338;Lnet/minecraft/class_1920;Lnet/minecraft/class_4587;Lnet/minecraft/class_4588;ZLjava/util/List;)V,method_3352(Lnet/minecraft/class_2338;Lnet/minecraft/class_1920;Lnet/minecraft/class_4588;Lnet/minecraft/class_2680;Lnet/minecraft/class_3610;)V,method_3350()Lnet/minecraft/class_778;,method_3349(Lnet/minecraft/class_2680;)Lnet/minecraft/class_1087;,method_3353(Lnet/minecraft/class_2680;Lnet/minecraft/class_4587;Lnet/minecraft/class_4597;II)V,renderSingleBlock(Lnet/minecraft/class_2680;Lnet/minecraft/class_4587;Lnet/minecraft/class_4597;IILnet/minecraftforge/client/model/data/ModelData;Lnet/minecraft/class_1921;)V,method_14491(Lnet/minecraft/class_3300;)V method_3351()Lnet/minecraft/class_773;=true method_3349(Lnet/minecraft/class_2680;)Lnet/minecraft/class_1087;=true method_3353(Lnet/minecraft/class_2680;Lnet/minecraft/class_4587;Lnet/minecraft/class_4597;II)V=true method_23071(Lnet/minecraft/class_2680;Lnet/minecraft/class_2338;Lnet/minecraft/class_1920;Lnet/minecraft/class_4587;Lnet/minecraft/class_4588;)V=true method_3355(Lnet/minecraft/class_2680;Lnet/minecraft/class_2338;Lnet/minecraft/class_1920;Lnet/minecraft/class_4587;Lnet/minecraft/class_4588;ZLjava/util/List;)V=true method_3352(Lnet/minecraft/class_2338;Lnet/minecraft/class_1920;Lnet/minecraft/class_4588;Lnet/minecraft/class_2680;Lnet/minecraft/class_3610;)V=true method_3350()Lnet/minecraft/class_778;=true
patch-start-com/mojang/blaze3d/systems/RenderSystem
patch-source-loaded-com/mojang/blaze3d/systems/RenderSystem
patch-end-com/mojang/blaze3d/systems/RenderSystem
patch-start-com/mojang/blaze3d/systems/RenderSystem$class_5590
patch-source-loaded-com/mojang/blaze3d/systems/RenderSystem$class_5590
patch-end-com/mojang/blaze3d/systems/RenderSystem$class_5590
patch-start-com/mojang/blaze3d/systems/RenderSystem$class_5590$class_5591
patch-source-loaded-com/mojang/blaze3d/systems/RenderSystem$class_5590$class_5591
patch-end-com/mojang/blaze3d/systems/RenderSystem$class_5590$class_5591
patch-start-com/mojang/blaze3d/vertex/VertexFormat$class_5595
patch-source-loaded-com/mojang/blaze3d/vertex/VertexFormat$class_5595
patch-end-com/mojang/blaze3d/vertex/VertexFormat$class_5595
patch-start-net/minecraft/class_1041$class_4716
patch-source-loaded-net/minecraft/class_1041$class_4716
patch-end-net/minecraft/class_1041$class_4716
patch-start-net/minecraft/client/ClientBrandRetriever
patch-source-loaded-net/minecraft/client/ClientBrandRetriever
patch-end-net/minecraft/client/ClientBrandRetriever
